[transformers] Disabling PyTorch because PyTorch >= 2.4 is required but found 2.2.2+cu118
[transformers] PyTorch was not found. Models won't be available and only tokenizers, configuration and file/data utilities can be used.
Traceback (most recent call last):
  File "/media02/ndthuc03/anaconda3/envs/purifying_poison/lib/python3.10/runpy.py", line 196, in _run_module_as_main
    return _run_code(code, main_globals, None,
  File "/media02/ndthuc03/anaconda3/envs/purifying_poison/lib/python3.10/runpy.py", line 86, in _run_code
    exec(code, run_globals)
  File "/media02/ndthuc03/cm-purify-targeted-poisoning/consistency_model/cm_purifier/train.py", line 487, in <module>
    main()
  File "/media02/ndthuc03/cm-purify-targeted-poisoning/consistency_model/cm_purifier/train.py", line 407, in main
    betas, alphas_cumprod, alpha_schedule, sigma_schedule = build_schedules(args, device)
  File "/media02/ndthuc03/cm-purify-targeted-poisoning/consistency_model/cm_purifier/train.py", line 280, in build_schedules
    betas = load_diffusers_beta_schedule(args.teacher_model)
  File "/media02/ndthuc03/cm-purify-targeted-poisoning/consistency_model/cm_purifier/schedules.py", line 46, in load_diffusers_beta_schedule
    from diffusers import DDPMScheduler
  File "/media02/ndthuc03/anaconda3/envs/purifying_poison/lib/python3.10/site-packages/diffusers/__init__.py", line 5, in <module>
    from .utils import (
  File "/media02/ndthuc03/anaconda3/envs/purifying_poison/lib/python3.10/site-packages/diffusers/utils/__init__.py", line 135, in <module>
    from .peft_utils import (
  File "/media02/ndthuc03/anaconda3/envs/purifying_poison/lib/python3.10/site-packages/diffusers/utils/peft_utils.py", line 26, in <module>
    from .torch_utils import empty_device_cache
  File "/media02/ndthuc03/anaconda3/envs/purifying_poison/lib/python3.10/site-packages/diffusers/utils/torch_utils.py", line 39, in <module>
    "xpu": torch.xpu.empty_cache,
  File "/media02/ndthuc03/anaconda3/envs/purifying_poison/lib/python3.10/site-packages/torch/__init__.py", line 1938, in __getattr__
    raise AttributeError(f"module '{__name__}' has no attribute '{name}'")
AttributeError: module 'torch' has no attribute 'xpu'
