/media02/ndthuc03/anaconda3/envs/purifying_poison/lib/python3.10/site-packages/torchvision/models/_utils.py:208: UserWarning: The parameter 'pretrained' is deprecated since 0.13 and may be removed in the future, please use 'weights' instead.
  warnings.warn(
/media02/ndthuc03/anaconda3/envs/purifying_poison/lib/python3.10/site-packages/torchvision/models/_utils.py:223: UserWarning: Arguments other than a weight enum or `None` for 'weights' are deprecated since 0.13 and may be removed in the future. The current behavior is equivalent to passing `weights=AlexNet_Weights.IMAGENET1K_V1`. You can also use `weights=AlexNet_Weights.DEFAULT` to get the most up-to-date weights.
  warnings.warn(msg)
Traceback (most recent call last):
  File "/media02/ndthuc03/anaconda3/envs/purifying_poison/lib/python3.10/runpy.py", line 196, in _run_module_as_main
    return _run_code(code, main_globals, None,
  File "/media02/ndthuc03/anaconda3/envs/purifying_poison/lib/python3.10/runpy.py", line 86, in _run_code
    exec(code, run_globals)
  File "/media02/ndthuc03/cm-purify-targeted-poisoning/benchmark/run_benchmark.py", line 297, in <module>
    main()
  File "/media02/ndthuc03/cm-purify-targeted-poisoning/benchmark/run_benchmark.py", line 250, in main
    purify_materialized_case(
  File "/media02/ndthuc03/cm-purify-targeted-poisoning/benchmark/materialize.py", line 283, in purify_materialized_case
    purifier.purify_paths(batch_sources, batch_outputs, batch_size=len(batch_sources))
  File "/media02/ndthuc03/cm-purify-targeted-poisoning/purify/purifier.py", line 205, in purify_paths
    save_image_tensor(tensor, output_path)
  File "/media02/ndthuc03/cm-purify-targeted-poisoning/consistency_model/cm_purifier/infer.py", line 102, in save_image_tensor
    Image.fromarray(array, mode="RGB").save(path)
  File "/media02/ndthuc03/anaconda3/envs/purifying_poison/lib/python3.10/site-packages/PIL/Image.py", line 2726, in save
    fp.close()
OSError: [Errno 28] No space left on device
